[adas.az/az/index.html]
[backblue.gif]
[fade.gif]
[index.html]
[stackpath.bootstrapcdn.com/font-awesome/4.7.0/css/font-awesome.min.css]
[adas.az/templates/default/assets/css/plugins.min.css]
[adas.az/templates/default/assets/css/styles.css]
[adas.az/templates/default/assets/css/dcalendar.picker.css]
[adas.az/templates/default/assets/js/jquery-3.3.1.min.js]
[adas.az/templates/default/assets/js/dcalendar.picker.js]
[adas.az/templates/default/assets/css/icons/logo.png]
[adas.az/az/haqqimizda.html]
[adas.az/az/register.html]
[adas.az/az/news]
[adas.az/templates/default/assets/img/home-bk1.png]
[adas.az/az/teachers/index.html]
[adas.az/templates/default/assets/img/home-bk2.png]
[adas.az/templates/default/assets/img/home-bk3.png]
[adas.az/templates/default/assets/css/icons/text.png]
[adas.az/templates/default/assets/css/icons/designer.png]
[adas.az/templates/default/assets/img/dizayner-bk-h.png]
[adas.az/templates/default/assets/img/dizayner-fr-h.png]
[adas.az/templates/default/assets/css/icons/down-up.png]
[adas.az/templates/default/assets/css/icons/coder.png]
[adas.az/templates/default/assets/img/coder-bk-h.png]
[adas.az/templates/default/assets/img/coder-fr-h.png]
[adas.az/templates/default/assets/img/elmibey.png]
[adas.az/templates/default/assets/img/orxan.png]
[adas.az/templates/default/assets/img/tanimiram.png]
[adas.az/templates/default/assets/js/img-modal-slider.js]
[adas.az/templates/default/assets/js/img-modal-init.js]
[adas.az/templates/default/assets/js/plugins.min.js]
[adas.az/templates/default/assets/js/scripts.js]
[adas.az/az/index.html]
[stackpath.bootstrapcdn.com/font-awesome/4.7.0/css/font-awesome.min.css]
[adas.az/templates/default/owl/owl.video.play.png]
[adas.az/templates/default/assets/css/plugins.min.css]
[adas.az/templates/default/assets/css/fonts/DinPro/DINPro-regular.ttf]
[adas.az/templates/default/assets/css/fonts/DinPro/DINPro-Bold.ttf]
[adas.az/templates/default/assets/css/fonts/Helvetica/HelveticaNeueCyr-Light.otf]
[adas.az/templates/default/assets/css/icons/dots.png]
[adas.az/templates/default/assets/css/icons/arrow-down.png]
[adas.az/templates/default/assets/css/styles.css]
[adas.az/templates/default/assets/css/dcalendar.picker.css]
[adas.az/templates/default/assets/img/orxan-blog.png]
[adas.az/uploads/cache/catalog/e09ff5d1-ef20-49f8-8b3e-7d347c9a2b88-1170x658.png]
[adas.az/az/haqqimizda.html]
[adas.az/templates/default/assets/css/icons/yumruq.png]
[adas.az/templates/default/assets/img/fist-bk.png]
[adas.az/templates/default/assets/img/fist-fr.png]
[adas.az/templates/default/assets/css/icons/text2.png]
[adas.az/templates/default/assets/css/icons/zencir.png]
[adas.az/az/register.html]
[adas.az/templates/default/assets/img/teacher-left.png]
[adas.az/templates/default/assets/img/teacher-bk.png]
[adas.az/templates/default/assets/img/teacher-fr.png]
[adas.az/uploads/catalog/236b3aec-7880-405b-ba3e-fad915acff8f.jpg]
[adas.az/uploads/cache/catalog/236b3aec-7880-405b-ba3e-fad915acff8f-275x254.jpg]
[adas.az/uploads/catalog/5f56b37f-eabb-400a-8f15-06b4e4829c67.jpg]
[adas.az/uploads/cache/catalog/5f56b37f-eabb-400a-8f15-06b4e4829c67-275x254.jpg]
[adas.az/uploads/catalog/profile-img1.jpg]
[adas.az/uploads/cache/catalog/profile-img1-275x254.jpg]
[adas.az/uploads/catalog/Me.png]
[adas.az/uploads/cache/catalog/Me-275x254.png]
[adas.az/uploads/catalog/Kamran.png]
[adas.az/uploads/cache/catalog/Kamran-275x254.png]
[adas.az/uploads/catalog/kamran_necefzade.png]
[adas.az/uploads/cache/catalog/kamran_necefzade-275x254.png]
[adas.az/uploads/catalog/Ulvi.png]
[adas.az/uploads/cache/catalog/Ulvi-275x254.png]
[adas.az/uploads/catalog/Renan.png]
[adas.az/uploads/cache/catalog/Renan-275x254.png]
[adas.az/templates/default/assets/css/icons/close.png]
[adas.az/templates/default/assets/css/icons/arrow-left.png]
[adas.az/templates/default/assets/css/icons/arrow-right.png]
[adas.az/templates/default/assets/img/bg2.png]
[adas.az/templates/default/assets/img/bg1.png]
[adas.az/az/teachers/index.html]
[adas.az/az/news.html]
[adas.az/templates/default/owl/owl.video.play.html]
